#0 building with "default" instance using docker driver

#1 [internal] load build definition from Dockerfile
#1 transferring dockerfile: 19.67kB done
#1 DONE 0.0s

#2 [internal] load metadata for nvcr.io/nvidia/pytorch:26.05-py3
#2 DONE 0.0s

#3 [internal] load .dockerignore
#3 transferring context: 2B done
#3 DONE 0.0s

#4 [internal] load build context
#4 DONE 0.0s

#5 [base_fbgemm 1/4] FROM nvcr.io/nvidia/pytorch:26.05-py3@sha256:222d8b18e671be5c3ef91cb41727a2572a0b23f59ded6c39f373a96946f6f2ba
#5 resolve nvcr.io/nvidia/pytorch:26.05-py3@sha256:222d8b18e671be5c3ef91cb41727a2572a0b23f59ded6c39f373a96946f6f2ba 0.0s done
#5 DONE 0.0s

#4 [internal] load build context
#4 transferring context: 3.11MB 0.4s done
#4 DONE 0.5s

#6 [base_fbgemm 2/4] WORKDIR /workspace/deps
#6 CACHED

#7 [base_triton 4/7] RUN wget -O /tmp/boost.tar.gz       https://archives.boost.io/release/1.80.0/source/boost_1_80_0.tar.gz &&     echo "4b2136f98bdd1f5857f1c3dea9ac2018effe65286cf251534b6ae20cc45e1847  /tmp/boost.tar.gz"       | sha256sum --check &&     tar xzf /tmp/boost.tar.gz -C /tmp &&     rm -rf /usr/include/boost &&     mv /tmp/boost_1_80_0/boost /usr/include/boost &&     rm -rf /tmp/boost.tar.gz /tmp/boost_1_80_0 &&     grep BOOST_LIB_VERSION /usr/include/boost/version.hpp
#7 CACHED

#8 [devel 8/8] RUN cd /workspace/deps/fbgemm_hstu/fbgemm_gpu/experimental/hstu &&     export HSTU_ARCH_LIST="8.0 9.0 10.0" &&     if [ "linux/amd64" = "linux/amd64" ]; then       export HSTU_DISABLE_120=TRUE;       export HSTU_ARCH_LIST="8.0 9.0 10.0 12.0";     fi &&     HSTU_DISABLE_86OR89=FALSE     HSTU_DISABLE_ARBITRARY=TRUE     HSTU_DISABLE_LOCAL=TRUE     HSTU_DISABLE_RAB=TRUE     HSTU_DISABLE_DRAB=TRUE     HSTU_DISABLE_FP16=TRUE     pip install --no-build-isolation . &&     rm -rf /workspace/deps/fbgemm_hstu
#8 CACHED

#9 [build 2/8] WORKDIR /workspace/recsys-examples
#9 CACHED

#10 [devel 6/8] RUN cd FlexKV && mkdir -p build && cd build &&     TORCH_CUDA_ARCH_LIST="7.5 8.0 8.6 9.0 10.0 12.0" cmake .. &&     TORCH_CUDA_ARCH_LIST="7.5 8.0 8.6 9.0 10.0 12.0" cmake --build . -j8 &&     cd .. && mkdir -p flexkv/lib && cp -P build/lib/*.so* flexkv/lib/ &&     MAX_JOBS=8 FLEXKV_DEBUG=0 TORCH_CUDA_ARCH_LIST="7.5 8.0 8.6 9.0 10.0 12.0" python3 setup.py install &&     cd /workspace/deps &&     git clone -b v26.05 --recursive https://github.com/NVIDIA/nv-embedding-cache.git nve &&     cd nve && git submodule update --init --recursive &&     cd third_party/ && git clone https://github.com/NVIDIA/NVTX.git NVTX && cd .. &&     if [ "linux/amd64" = "linux/arm64" ]; then AVX512_ENV=""; else AVX512_ENV="PYNVE_DISABLE_AVX512=1"; fi &&     env TORCH_CUDA_ARCH_LIST="7.5 8.0 8.6 9.0 10.0 12.0" PYNVE_WITH_TORCH_BINDINGS=1 ${AVX512_ENV}     CPLUS_INCLUDE_PATH=$(realpath ./third_party/NVTX/c/include/):${CPLUS_INCLUDE_PATH} pip install --no-deps .
#10 CACHED

#11 [build 7/8] RUN cd ./examples/hstu &&     mkdir -p       triton_libs/emb       triton_libs/recsys_kvcache_manager       triton_libs/hstu_attn       triton_libs/fbgemm_gpu       triton_libs/pynve       triton_libs/lib       triton_libs/system &&     cp -P /workspace/recsys-examples/corelib/dynamicemb/torch_binding_build/inference_emb_ops.so triton_libs/emb/ &&     cp -P /usr/local/lib/python3.12/dist-packages/recsys_kvcache_manager/kvcache_manager_ops.so triton_libs/recsys_kvcache_manager/ &&     cp -P /workspace/recsys-examples/examples/hstu/inference_aoti/cpp_inference/build/libhstu_cuda_ops_runtime.so triton_libs/ &&     cp -P /workspace/recsys-examples/examples/hstu/inference_aoti/cpp_inference/build/libpaged_kvcache_ops_runtime.so triton_libs/ &&     cp -a /usr/local/lib/python3.12/dist-packages/hstu/. triton_libs/hstu_attn/ &&     cp -a /usr/local/lib/python3.12/dist-packages/fbgemm_gpu/. triton_libs/fbgemm_gpu/ &&     cp -a /usr/local/lib/python3.12/dist-packages/pynve/. triton_libs/pynve/ &&     find /usr/local/lib -maxdepth 1 ( -type f -o -type l ) ( -name '*.so' -o -name '*.so.*' ) -exec cp -P {} triton_libs/lib/ ; &&     cp -P /usr/lib/$(uname -m)-linux-gnu/libpng16.so.16* triton_libs/system/ &&     sed -i 's#string_value: ".*libnve_init_hook.so"#string_value: "/workspace/recsys-examples/examples/hstu/inference_aoti/nve_init_hook/build/libnve_init_hook.so"#'       inference_aoti/triton_aoti/hstu_gr_ranking_kvcache/config.pbtxt
#11 CACHED

#12 [base_triton 5/7] RUN set -eux;     parsed_upstream=;     case "nvcr.io/nvidia/pytorch:26.05-py3" in       nvcr.io/nvidia/pytorch:[0-9][0-9].[0-9][0-9]-py3)         parsed_upstream="26.05-py3";         parsed_upstream="${parsed_upstream%-py3}";;     esac;     effective_upstream="${parsed_upstream}";     effective_upstream="${effective_upstream:-26.05}";     pytorch_site=/usr/local/lib/python3.12/dist-packages/torch;     pytorch_includes="${pytorch_site}/include;${pytorch_site}/include/torch/csrc/api/include";     echo "Triton container version: 26.06";     echo "Effective upstream PyTorch container version: ${effective_upstream}";     git clone --depth 1 --branch "r26.06"       https://github.com/triton-inference-server/server.git /workspace/deps/triton-server-src;     mkdir -p /opt/triton-pytorch-libs;     cp -a "${pytorch_site}/lib/." /opt/triton-pytorch-libs/;     cp -aL /usr/local/lib/libjpeg.so.62 /opt/triton-pytorch-libs/;     test -e /opt/triton-pytorch-libs/libtorch.so       && test -e /opt/triton-pytorch-libs/libtorch_cuda.so       && test -e /opt/triton-pytorch-libs/libjpeg.so.62;     cd /workspace/deps/triton-server-src;     python3 build.py -v       --no-container-build --build-dir=/workspace/triton-build --install-dir=/opt/tritonserver       --container-version="26.06"       --upstream-container-version="${effective_upstream}"       --build-parallel="8"       --enable-gpu --enable-logging --enable-stats --enable-metrics       --endpoint=http --endpoint=grpc       --backend="pytorch:r26.06" --backend="python:r26.06"       --extra-backend-cmake-arg="pytorch:TRITON_PYTORCH_INCLUDE_PATHS=${pytorch_includes}"       --extra-backend-cmake-arg=pytorch:TRITON_PYTORCH_LIB_PATHS=/opt/triton-pytorch-libs       --override-backend-cmake-arg=pytorch:TRITON_PYTORCH_ENABLE_TORCHTRT=OFF       --extra-backend-cmake-arg=pytorch:TRITON_PYTORCH_ENABLE_TORCHVISION=OFF       --extra-backend-cmake-arg=pytorch:TRITON_PYTORCH_NVSHMEM=OFF;     standard_backend=/opt/tritonserver/backends/pytorch/libtriton_pytorch.so;     test -f "${standard_backend}";     standard_backend_sha256="$(sha256sum "${standard_backend}" | awk '{print $1}')";     cd /workspace/deps; rm -rf pytorch_backend;     git clone --depth 1       https://github.com/triton-inference-server/pytorch_backend.git pytorch_backend;     cd pytorch_backend;     git fetch --depth 1 origin ceeecb748caa785b359095a74c05d55dace2591a;     git checkout --detach FETCH_HEAD;     pinned_backend_commit="$(git rev-parse HEAD)";     test "${pinned_backend_commit}" = ceeecb748caa785b359095a74c05d55dace2591a;     mkdir -p build; cd build;     cmake       -DCMAKE_BUILD_TYPE=Release -DCMAKE_INSTALL_PREFIX:PATH="$PWD/install"       -DTRITON_PYTORCH_INCLUDE_PATHS="${pytorch_includes};/opt/pytorch/vision/torchvision/csrc"       -DTRITON_PYTORCH_LIB_PATHS=/opt/triton-pytorch-libs       -DTRITON_PYTORCH_ENABLE_TORCHTRT=OFF -DTRITON_PYTORCH_ENABLE_TORCHVISION=OFF       -DTRITON_PYTORCH_NVSHMEM=OFF       -DTRITON_BACKEND_REPO_TAG="r26.06"       -DTRITON_CORE_REPO_TAG="r26.06"       -DTRITON_COMMON_REPO_TAG="r26.06"       ..;     cmake --build . --parallel "8" --target install;     pinned_backend="$PWD/install/backends/pytorch/libtriton_pytorch.so";     test -f "${pinned_backend}"; install -m 0755 "${pinned_backend}" "${standard_backend}";     pinned_backend_sha256="$(sha256sum "${standard_backend}" | awk '{print $1}')";     test "${pinned_backend_sha256}" = "$(sha256sum "${pinned_backend}" | awk '{print $1}')";     provenance=/opt/tritonserver/backends/pytorch/pinned-backend-build.txt;     printf '%s\n'       "commit=${pinned_backend_commit}"       "repository_tags=r26.06"       "replaced_sha256=${standard_backend_sha256}"       "installed_sha256=${pinned_backend_sha256}"       > "${provenance}";     printf '%s\n' "${effective_upstream}" > /opt/tritonserver/upstream-pytorch-container-version;     rm -rf /workspace/triton-build /workspace/deps/triton-server-src /opt/triton-pytorch-libs
#12 CACHED

#13 [base_triton 2/7] RUN apt-get update -y --fix-missing &&     apt-get install -y --no-install-recommends       autoconf automake build-essential ca-certificates git gperf       libarchive-dev libb64-dev libcurl4-openssl-dev libgoogle-perftools-dev       libnuma-dev libre2-dev libssl-dev libtool pkg-config       python3-dev python3-pip python3-setuptools python3-wheel rapidjson-dev       unzip wget zlib1g-dev &&     rm -rf /var/lib/apt/lists/*
#13 CACHED

#14 [build 4/8] RUN cd /workspace/recsys-examples/corelib/dynamicemb &&     TORCH_CUDA_ARCH_LIST="7.5 8.0 8.6 9.0 10.0 12.0" python setup.py install &&     cd /workspace/deps && rm -rf nvcomp &&     NVCOMP_ARCH=$([ "$(uname -m)" = "aarch64" ] && echo "linux-sbsa" || echo "linux-x86_64") &&     wget https://developer.download.nvidia.com/compute/nvcomp/redist/nvcomp/${NVCOMP_ARCH}/nvcomp-${NVCOMP_ARCH}-5.1.0.21_cuda12-archive.tar.xz &&     tar -xf nvcomp-${NVCOMP_ARCH}-5.1.0.21_cuda12-archive.tar.xz &&     mv nvcomp-${NVCOMP_ARCH}-5.1.0.21_cuda12-archive nvcomp &&     rm nvcomp-${NVCOMP_ARCH}-5.1.0.21_cuda12-archive.tar.xz &&     cd /workspace/recsys-examples/examples/commons &&     TORCH_CUDA_ARCH_LIST="7.5 8.0 8.6 9.0 10.0 12.0" python3 setup.py install &&     cd /workspace/recsys-examples/corelib/recsys_kvcache_manager &&     TORCH_CUDA_ARCH_LIST="7.5 8.0 8.6 9.0 10.0 12.0" pip3 install --no-build-isolation . &&     rm -f /usr/lib/$(uname -m)-linux-gnu/libcuda.so.1 &&     test -e /usr/local/cuda-13/compat/lib.real/libcuda.so.1 &&     ln -s /usr/local/cuda-13/compat/lib.real/libcuda.so.1 /usr/lib/$(uname -m)-linux-gnu/libcuda.so.1 &&     cd /workspace/recsys-examples/corelib/dynamicemb &&     mkdir -p torch_binding_build && cd torch_binding_build &&     cmake .. && make -j
#14 CACHED

#15 [base_triton 7/7] RUN set -eux;     provenance=/opt/tritonserver/backends/pytorch/pinned-backend-build.txt;     test -x /opt/tritonserver/bin/tritonserver       && test -f /opt/tritonserver/backends/pytorch/libtriton_pytorch.so;     grep -q '^commit=ceeecb7' "${provenance}";     grep -q "^repository_tags=r26.06$" "${provenance}";     test -f /opt/tritonserver/backends/python/libtriton_python.so       && test -x /opt/tritonserver/backends/python/triton_python_backend_stub;     export LD_LIBRARY_PATH="/opt/tritonserver/lib:/opt/tritonserver/backends/pytorch:/opt/tritonserver/lib:/opt/tritonserver/backends/pytorch:/usr/local/lib/python3.12/dist-packages/torch/lib:/usr/local/lib/python3.12/dist-packages/torch_tensorrt/lib:/usr/local/cuda/compat/lib:/usr/local/nvidia/lib:/usr/local/nvidia/lib64";     help_output=/tmp/tritonserver-help.txt; help_status=0;     /opt/tritonserver/bin/tritonserver --help > "${help_output}" 2>&1 || help_status=$?;     case "${help_status}" in 0|1) ;; *) exit "${help_status}";; esac;     grep -q '^Usage: tritonserver' "${help_output}"; rm -f "${help_output}";     for target in       /opt/tritonserver/bin/tritonserver       /opt/tritonserver/backends/pytorch/libtriton_pytorch.so       /opt/tritonserver/backends/python/libtriton_python.so       /opt/tritonserver/backends/python/triton_python_backend_stub; do         if ldd "${target}" | grep -q 'not found'; then           ldd "${target}" | grep 'not found';           exit 1;         fi;     done
#15 CACHED

#16 [base_fbgemm 4/4] RUN pip install --no-deps tensordict orjson &&     git clone --recursive -b release/V1.5.0 https://github.com/pytorch/torchrec.git torchrec &&     cd torchrec &&     pip install --no-deps .
#16 CACHED

#17 [devel 1/8] WORKDIR /workspace/deps
#17 CACHED

#18 [build 1/8] RUN rm -rf /workspace/recsys-examples
#18 CACHED

#19 [devel 7/8] COPY third_party/FBGEMM /workspace/deps/fbgemm_hstu
#19 CACHED

#20 [build 3/8] COPY . .
#20 CACHED

#21 [build 6/8] RUN export CMAKE_PREFIX_PATH="$(python3 -c 'import os, torch; print(os.path.join(os.path.dirname(torch.__file__), "share", "cmake"))')" &&     cmake -S "./examples/hstu/inference_aoti/cpp_inference" -B "./examples/hstu/inference_aoti/cpp_inference/build" &&     cmake --build "./examples/hstu/inference_aoti/cpp_inference/build" -j 8 &&     cmake -S "./examples/hstu/inference_aoti/nve_init_hook" -B "./examples/hstu/inference_aoti/nve_init_hook/build" &&     cmake --build "./examples/hstu/inference_aoti/nve_init_hook/build" -j 8
#21 CACHED

#22 [base_triton 6/7] RUN env -u PIP_CONSTRAINT /usr/bin/python3 -m pip install       --break-system-packages --no-cache-dir "tritonclient[http]==2.69.0" &&     /usr/bin/python3 -c "import tritonclient.http; print(tritonclient.http.__file__)"
#22 CACHED

#23 [devel 2/8] RUN apt-get update -y --fix-missing &&     apt-get install -y       gdb       liburing-dev       libxxhash-dev       libzmq3-dev &&     ARCH=$([ "linux/amd64" = "linux/arm64" ] && echo "aarch64" || echo "x86_64") &&     rm -rf /usr/lib/${ARCH}-linux-gnu/libnvidia-ml.so.1 &&     if [ "${ARCH}" = "aarch64" ]; then       ln -s /usr/local/cuda-13/targets/sbsa-linux/lib/stubs/libnvidia-ml.so /usr/lib/${ARCH}-linux-gnu/libnvidia-ml.so.1;     else       ln -s /usr/local/cuda-13/targets/${ARCH}-linux/lib/stubs/libnvidia-ml.so /usr/lib/${ARCH}-linux-gnu/libnvidia-ml.so.1;     fi &&     if [ "linux/amd64" = "linux/arm64" ]; then       CUDA_TARGET_ARCH=sbsa;     elif [ "linux/amd64" = "linux/amd64" ]; then       CUDA_TARGET_ARCH=x86_64;     else       CUDA_TARGET_ARCH=$(uname -m);     fi &&     ln -sf /usr/local/cuda-13/targets/${CUDA_TARGET_ARCH}-linux/include/cccl/cuda /usr/local/cuda/include/cuda &&     apt-get clean &&     rm -rf /var/lib/apt/lists/*
#23 CACHED

#24 [devel 5/8] COPY third_party/FlexKV /workspace/deps/FlexKV
#24 CACHED

#25 [build 5/8] RUN cd /workspace/recsys-examples/corelib/recsys_kvcache_manager &&     mkdir -p build && cd build &&     cmake .. && make -j
#25 CACHED

#26 [devel 3/8] RUN git clone -b core_v0.13.1 https://github.com/NVIDIA/Megatron-LM.git megatron-lm &&     pip install --no-deps -e ./megatron-lm &&     pip install --no-cache-dir torchx gin-config torchmetrics==1.0.3 typing-extensions iopath pyvers expiring_dict         cloudpickle         'quack-kernels>=0.3.3,<0.5' 'apache-tvm-ffi>=0.1.6' torch-c-dlpack-ext pre-commit         pytest pytest-shard pytest-rerunfailures pytest-xdist pytest-flakefinder
#26 CACHED

#27 [base_triton 1/7] WORKDIR /workspace/deps
#27 CACHED

#28 [base_triton 3/7] RUN env -u PIP_CONSTRAINT /usr/bin/python3 -m pip install       --break-system-packages --no-cache-dir --upgrade       auditwheel build "cmake==3.31.10" "patchelf==0.17.2" pybind11       setuptools virtualenv wheel &&     cmake --version &&     /usr/bin/python3 -c "import build, wheel, setuptools"
#28 CACHED

#29 [devel 4/8] RUN git clone https://github.com/jiayus-nvidia/flash-attention.git flash-attention &&     cd flash-attention &&     git checkout b56db721d65afadd8cfe154cd12e83693bf0aba3 &&     pip install --no-deps --no-build-isolation -e ./flash_attn/cute
#29 CACHED

#30 [base_fbgemm 3/4] RUN pip install --no-cache-dir setuptools-git-versioning scikit-build &&     git clone --recursive -b v1.5.0 https://github.com/pytorch/FBGEMM.git fbgemm &&     cd fbgemm/fbgemm_gpu &&     python3 setup.py install --build-target=default --build-variant=cuda -DTORCH_CUDA_ARCH_LIST="7.5 8.0 9.0 10.0 12.0"
#30 CACHED

#31 [build 8/8] WORKDIR /workspace/recsys-examples/
#31 CACHED

#32 exporting to image
#32 exporting layers 0.1s done
#32 exporting manifest sha256:4dd5cf111fad61731b04b7af676e5c495a2d1dcaaa23279f15d397e38d1b9e59 done
#32 exporting config sha256:32256873559f989a18780bc5464bd4df58edc5ffe7bc3ed4f7e3d110d11281a4 done
#32 exporting attestation manifest sha256:129ffdb62a6de1c82196c879da8dc7dcaee1e0a48018d23aba29e46408a27190 0.0s done
#32 exporting manifest list sha256:223819db941b017e4d7623ca92bdd722c52ad5d9b80df568c0f6a93e057b58a5 done
#32 naming to docker.io/library/recsys-examples:hstu-bench done
#32 unpacking to docker.io/library/recsys-examples:hstu-bench
#32 unpacking to docker.io/library/recsys-examples:hstu-bench 0.2s done
#32 DONE 0.5s
