
=============
== PyTorch ==
=============

NVIDIA Release 26.05 (build 313520559)
PyTorch Version 2.12.0a0+5aff392
Container image Copyright (c) 2026, NVIDIA CORPORATION & AFFILIATES. All rights reserved.
Copyright (c) 2014-2024 Facebook Inc.
Copyright (c) 2011-2014 Idiap Research Institute (Ronan Collobert)
Copyright (c) 2012-2014 Deepmind Technologies    (Koray Kavukcuoglu)
Copyright (c) 2011-2012 NEC Laboratories America (Koray Kavukcuoglu)
Copyright (c) 2011-2013 NYU                      (Clement Farabet)
Copyright (c) 2006-2010 NEC Laboratories America (Ronan Collobert, Leon Bottou, Iain Melvin, Jason Weston)
Copyright (c) 2006      Idiap Research Institute (Samy Bengio)
Copyright (c) 2001-2004 Idiap Research Institute (Ronan Collobert, Samy Bengio, Johnny Mariethoz)
Copyright (c) 2015      Google Inc.
Copyright (c) 2015      Yangqing Jia
Copyright (c) 2013-2016 The Caffe contributors
All rights reserved.

Various files include modifications (c) NVIDIA CORPORATION & AFFILIATES.  All rights reserved.

GOVERNING TERMS: The software and materials are governed by the NVIDIA Software License Agreement
(found at https://www.nvidia.com/en-us/agreements/enterprise-software/nvidia-software-license-agreement/)
and the Product-Specific Terms for NVIDIA AI Products
(found at https://www.nvidia.com/en-us/agreements/enterprise-software/product-specific-terms-for-ai-products/).

NOTE: CUDA Forward Compatibility mode ENABLED.
  Using CUDA 13.2 driver version 595.58.03 with kernel driver version 580.159.04.
  See https://docs.nvidia.com/deploy/cuda-compatibility/ for details.

NOTE: Mellanox network driver detected, but NVIDIA peer memory driver not
      detected.  Multi-node communication performance may be reduced.

W0726 05:57:07.156000 1 torch/distributed/run.py:862] 
W0726 05:57:07.156000 1 torch/distributed/run.py:862] *****************************************
W0726 05:57:07.156000 1 torch/distributed/run.py:862] Setting OMP_NUM_THREADS environment variable for each process to be 1 in default, to avoid your system being overloaded, please further tune the variable for optimal performance in your application as needed. 
W0726 05:57:07.156000 1 torch/distributed/run.py:862] *****************************************
WARNING: temporarily disabled some autotune configs for CUDA 12.8+
WARNING: temporarily disabled some autotune configs for CUDA 12.8+
WARNING: temporarily disabled some autotune configs for CUDA 12.8+
WARNING: temporarily disabled some autotune configs for CUDA 12.8+
WARNING: temporarily disabled some autotune configs for CUDA 12.8+
WARNING: temporarily disabled some autotune configs for CUDA 12.8+
WARNING: temporarily disabled some autotune configs for CUDA 12.8+
WARNING: temporarily disabled some autotune configs for CUDA 12.8+
NOTE! Installing ujson may make loading annotations faster.
NOTE! Installing ujson may make loading annotations faster.
NOTE! Installing ujson may make loading annotations faster.
NOTE! Installing ujson may make loading annotations faster.
NOTE! Installing ujson may make loading annotations faster.
NOTE! Installing ujson may make loading annotations faster.
NOTE! Installing ujson may make loading annotations faster.
NOTE! Installing ujson may make loading annotations faster.
[Rank 1] PID=1086, Node=N/A, LocalRank=1
[Rank 0] PID=1085, Node=N/A, LocalRank=0
[Rank 6] PID=1091, Node=N/A, LocalRank=6
[Rank 3] PID=1088, Node=N/A, LocalRank=3
[Rank 2] PID=1087, Node=N/A, LocalRank=2
[Rank 7] PID=1092, Node=N/A, LocalRank=7
[Rank 5] PID=1090, Node=N/A, LocalRank=5
[Rank 4] PID=1089, Node=N/A, LocalRank=4
[07/26/26 05:57:24] INFO     distributed env initialization done. Free cuda memory: 180925.69 MB                                                                                                                                                
[07/26/26 05:57:28] INFO     [HSTUSequenceDataset] Removed 66967 samples with sequence length < max_num_candidates (71526 samples remaining).                                                                                                   
[07/26/26 05:57:33] INFO     [HSTUSequenceDataset] Removed 66967 samples with sequence length < max_num_candidates (71526 samples remaining).                                                                                                   
/usr/local/lib/python3.12/dist-packages/transformer_engine/pytorch/module/base.py:1292: UserWarning: To guarantee overlapping TP and SP collectives with the backwardGEMMs, set environment variable CUDA_DEVICE_MAX_CONNECTIONS = 1
  warnings.warn(
/usr/local/lib/python3.12/dist-packages/transformer_engine/pytorch/module/base.py:1292: UserWarning: To guarantee overlapping TP and SP collectives with the backwardGEMMs, set environment variable CUDA_DEVICE_MAX_CONNECTIONS = 1
  warnings.warn(
/usr/local/lib/python3.12/dist-packages/transformer_engine/pytorch/module/base.py:1292: UserWarning: To guarantee overlapping TP and SP collectives with the backwardGEMMs, set environment variable CUDA_DEVICE_MAX_CONNECTIONS = 1
  warnings.warn(
/usr/local/lib/python3.12/dist-packages/transformer_engine/pytorch/module/base.py:1292: UserWarning: To guarantee overlapping TP and SP collectives with the backwardGEMMs, set environment variable CUDA_DEVICE_MAX_CONNECTIONS = 1
  warnings.warn(
/usr/local/lib/python3.12/dist-packages/transformer_engine/pytorch/module/base.py:1292: UserWarning: To guarantee overlapping TP and SP collectives with the backwardGEMMs, set environment variable CUDA_DEVICE_MAX_CONNECTIONS = 1
  warnings.warn(
/usr/local/lib/python3.12/dist-packages/transformer_engine/pytorch/module/base.py:1292: UserWarning: To guarantee overlapping TP and SP collectives with the backwardGEMMs, set environment variable CUDA_DEVICE_MAX_CONNECTIONS = 1
  warnings.warn(
/usr/local/lib/python3.12/dist-packages/transformer_engine/pytorch/module/base.py:1292: UserWarning: To guarantee overlapping TP and SP collectives with the backwardGEMMs, set environment variable CUDA_DEVICE_MAX_CONNECTIONS = 1
  warnings.warn(
WARNING:root:Sharding spec not found for _embedding_collection._data_parallel_embedding_collection.action_weights
/usr/local/lib/python3.12/dist-packages/torchrec/distributed/types.py:899: UserWarning: `_get_pg_default_device` will be deprecated, it only stays for backward-compatibility reason. If you need to find a device for object collectives, please use `_get_object_coll_device`. If you need to query the device types supported by group, please use `_device_capability(group)`. 
  device_type=_get_pg_default_device(pg).type,


Storage layout: HBM-only (single tier, GPU)
-----------+----------+----------+----------+-----------------
   tier    |  table   | init(MB) | peak(MB) | emb/opt peak(MB)
-----------+----------+----------+----------+-----------------
hbm/cuda:0 | movie_id | 7324.5   | 7324.5   | 2441.5 / 4883   
           | user_id  | 7324.5   | 7324.5   | 2441.5 / 4883   
           | ---------+----------+----------+-----------------
           | TOTAL    | 14649    | 14649    | 4883 / 9766     
-----------+----------+----------+----------+-----------------
/usr/local/lib/python3.12/dist-packages/torchrec/distributed/types.py:899: UserWarning: `_get_pg_default_device` will be deprecated, it only stays for backward-compatibility reason. If you need to find a device for object collectives, please use `_get_object_coll_device`. If you need to query the device types supported by group, please use `_device_capability(group)`. 
  device_type=_get_pg_default_device(pg).type,
WARNING:torchrec.distributed.utils:Sharding Type is data_parallel, caching params will be ignored


Storage layout: HBM-only (single tier, GPU)
-----------+----------+----------+----------+-----------------
   tier    |  table   | init(MB) | peak(MB) | emb/opt peak(MB)
-----------+----------+----------+----------+-----------------
hbm/cuda:1 | movie_id | 7324.5   | 7324.5   | 2441.5 / 4883   
           | user_id  | 7324.5   | 7324.5   | 2441.5 / 4883   
           | ---------+----------+----------+-----------------
           | TOTAL    | 14649    | 14649    | 4883 / 9766     
-----------+----------+----------+----------+-----------------
WARNING:torchrec.distributed.utils:Sharding Type is data_parallel, caching params will be ignored
/usr/local/lib/python3.12/dist-packages/transformer_engine/pytorch/module/base.py:1292: UserWarning: To guarantee overlapping TP and SP collectives with the backwardGEMMs, set environment variable CUDA_DEVICE_MAX_CONNECTIONS = 1
  warnings.warn(
/usr/local/lib/python3.12/dist-packages/torchrec/distributed/types.py:899: UserWarning: `_get_pg_default_device` will be deprecated, it only stays for backward-compatibility reason. If you need to find a device for object collectives, please use `_get_object_coll_device`. If you need to query the device types supported by group, please use `_device_capability(group)`. 
  device_type=_get_pg_default_device(pg).type,
/usr/local/lib/python3.12/dist-packages/torchrec/distributed/types.py:899: UserWarning: `_get_pg_default_device` will be deprecated, it only stays for backward-compatibility reason. If you need to find a device for object collectives, please use `_get_object_coll_device`. If you need to query the device types supported by group, please use `_device_capability(group)`. 
  device_type=_get_pg_default_device(pg).type,
/usr/local/lib/python3.12/dist-packages/torchrec/distributed/types.py:899: UserWarning: `_get_pg_default_device` will be deprecated, it only stays for backward-compatibility reason. If you need to find a device for object collectives, please use `_get_object_coll_device`. If you need to query the device types supported by group, please use `_device_capability(group)`. 
  device_type=_get_pg_default_device(pg).type,
/usr/local/lib/python3.12/dist-packages/torchrec/distributed/types.py:899: UserWarning: `_get_pg_default_device` will be deprecated, it only stays for backward-compatibility reason. If you need to find a device for object collectives, please use `_get_object_coll_device`. If you need to query the device types supported by group, please use `_device_capability(group)`. 
  device_type=_get_pg_default_device(pg).type,
/usr/local/lib/python3.12/dist-packages/torchrec/distributed/types.py:899: UserWarning: `_get_pg_default_device` will be deprecated, it only stays for backward-compatibility reason. If you need to find a device for object collectives, please use `_get_object_coll_device`. If you need to query the device types supported by group, please use `_device_capability(group)`. 
  device_type=_get_pg_default_device(pg).type,
/usr/local/lib/python3.12/dist-packages/torchrec/distributed/types.py:899: UserWarning: `_get_pg_default_device` will be deprecated, it only stays for backward-compatibility reason. If you need to find a device for object collectives, please use `_get_object_coll_device`. If you need to query the device types supported by group, please use `_device_capability(group)`. 
  device_type=_get_pg_default_device(pg).type,


Storage layout: HBM-only (single tier, GPU)
-----------+----------+----------+----------+-----------------
   tier    |  table   | init(MB) | peak(MB) | emb/opt peak(MB)
-----------+----------+----------+----------+-----------------
hbm/cuda:7 | movie_id | 7324.5   | 7324.5   | 2441.5 / 4883   
           | user_id  | 7324.5   | 7324.5   | 2441.5 / 4883   
           | ---------+----------+----------+-----------------
           | TOTAL    | 14649    | 14649    | 4883 / 9766     
-----------+----------+----------+----------+-----------------


Storage layout: HBM-only (single tier, GPU)
-----------+----------+----------+----------+-----------------
   tier    |  table   | init(MB) | peak(MB) | emb/opt peak(MB)
-----------+----------+----------+----------+-----------------
hbm/cuda:6 | movie_id | 7324.5   | 7324.5   | 2441.5 / 4883   
           | user_id  | 7324.5   | 7324.5   | 2441.5 / 4883   
           | ---------+----------+----------+-----------------
           | TOTAL    | 14649    | 14649    | 4883 / 9766     
-----------+----------+----------+----------+-----------------


Storage layout: HBM-only (single tier, GPU)
-----------+----------+----------+----------+-----------------
   tier    |  table   | init(MB) | peak(MB) | emb/opt peak(MB)
-----------+----------+----------+----------+-----------------
hbm/cuda:5 | movie_id | 7324.5   | 7324.5   | 2441.5 / 4883   
           | user_id  | 7324.5   | 7324.5   | 2441.5 / 4883   
           | ---------+----------+----------+-----------------
           | TOTAL    | 14649    | 14649    | 4883 / 9766     
-----------+----------+----------+----------+-----------------


Storage layout: HBM-only (single tier, GPU)
-----------+----------+----------+----------+-----------------
   tier    |  table   | init(MB) | peak(MB) | emb/opt peak(MB)
-----------+----------+----------+----------+-----------------
hbm/cuda:3 | movie_id | 7324.5   | 7324.5   | 2441.5 / 4883   
           | user_id  | 7324.5   | 7324.5   | 2441.5 / 4883   
           | ---------+----------+----------+-----------------
           | TOTAL    | 14649    | 14649    | 4883 / 9766     
-----------+----------+----------+----------+-----------------


Storage layout: HBM-only (single tier, GPU)
-----------+----------+----------+----------+-----------------
   tier    |  table   | init(MB) | peak(MB) | emb/opt peak(MB)
-----------+----------+----------+----------+-----------------
hbm/cuda:4 | movie_id | 7324.5   | 7324.5   | 2441.5 / 4883   
           | user_id  | 7324.5   | 7324.5   | 2441.5 / 4883   
           | ---------+----------+----------+-----------------
           | TOTAL    | 14649    | 14649    | 4883 / 9766     
-----------+----------+----------+----------+-----------------


Storage layout: HBM-only (single tier, GPU)
-----------+----------+----------+----------+-----------------
   tier    |  table   | init(MB) | peak(MB) | emb/opt peak(MB)
-----------+----------+----------+----------+-----------------
hbm/cuda:2 | movie_id | 7324.5   | 7324.5   | 2441.5 / 4883   
           | user_id  | 7324.5   | 7324.5   | 2441.5 / 4883   
           | ---------+----------+----------+-----------------
           | TOTAL    | 14649    | 14649    | 4883 / 9766     
-----------+----------+----------+----------+-----------------
WARNING:torchrec.distributed.utils:Sharding Type is data_parallel, caching params will be ignored
WARNING:torchrec.distributed.utils:Sharding Type is data_parallel, caching params will be ignored
WARNING:torchrec.distributed.utils:Sharding Type is data_parallel, caching params will be ignored
WARNING:torchrec.distributed.utils:Sharding Type is data_parallel, caching params will be ignored
WARNING:torchrec.distributed.utils:Sharding Type is data_parallel, caching params will be ignored
WARNING:torchrec.distributed.utils:Sharding Type is data_parallel, caching params will be ignored
[07/26/26 05:57:34] INFO     model initialization done, start training. Free cuda memory: 154067.69 MB                                                                                                                                          
[rank1]:W0726 05:57:35.584000 1086 torch/fx/_symbolic_trace.py:53] is_fx_tracing will return true for both fx.symbolic_trace and torch.export. Please use is_fx_tracing_symbolic_tracing() for specifically fx.symbolic_trace or torch.compiler.is_compiling() for specifically torch.export/compile.
[rank0]:W0726 05:57:35.593000 1085 torch/fx/_symbolic_trace.py:53] is_fx_tracing will return true for both fx.symbolic_trace and torch.export. Please use is_fx_tracing_symbolic_tracing() for specifically fx.symbolic_trace or torch.compiler.is_compiling() for specifically torch.export/compile.
[rank6]:W0726 05:57:36.133000 1091 torch/fx/_symbolic_trace.py:53] is_fx_tracing will return true for both fx.symbolic_trace and torch.export. Please use is_fx_tracing_symbolic_tracing() for specifically fx.symbolic_trace or torch.compiler.is_compiling() for specifically torch.export/compile.
[rank2]:W0726 05:57:36.194000 1087 torch/fx/_symbolic_trace.py:53] is_fx_tracing will return true for both fx.symbolic_trace and torch.export. Please use is_fx_tracing_symbolic_tracing() for specifically fx.symbolic_trace or torch.compiler.is_compiling() for specifically torch.export/compile.
[rank5]:W0726 05:57:36.229000 1090 torch/fx/_symbolic_trace.py:53] is_fx_tracing will return true for both fx.symbolic_trace and torch.export. Please use is_fx_tracing_symbolic_tracing() for specifically fx.symbolic_trace or torch.compiler.is_compiling() for specifically torch.export/compile.
[rank7]:W0726 05:57:36.229000 1092 torch/fx/_symbolic_trace.py:53] is_fx_tracing will return true for both fx.symbolic_trace and torch.export. Please use is_fx_tracing_symbolic_tracing() for specifically fx.symbolic_trace or torch.compiler.is_compiling() for specifically torch.export/compile.
[rank3]:W0726 05:57:36.243000 1088 torch/fx/_symbolic_trace.py:53] is_fx_tracing will return true for both fx.symbolic_trace and torch.export. Please use is_fx_tracing_symbolic_tracing() for specifically fx.symbolic_trace or torch.compiler.is_compiling() for specifically torch.export/compile.
[rank4]:W0726 05:57:36.247000 1089 torch/fx/_symbolic_trace.py:53] is_fx_tracing will return true for both fx.symbolic_trace and torch.export. Please use is_fx_tracing_symbolic_tracing() for specifically fx.symbolic_trace or torch.compiler.is_compiling() for specifically torch.export/compile.
/usr/local/lib/python3.12/dist-packages/torch/autograd/graph.py:882: UserWarning: fbgemm::dense_embedding_codegen_lookup_function: an autograd kernel was not registered to the Autograd key(s) but we are trying to backprop through it. This may lead to silently incorrect behavior. This behavior is deprecated and will be removed in a future version of PyTorch. If your operator is differentiable, please ensure you have registered an autograd kernel to the correct Autograd key (e.g. DispatchKey::Autograd, DispatchKey::CompositeImplicitAutograd). If your operator is not differentiable, or to squash this warning and use the previous behavior, please register torch::CppFunction::makeFallthrough() to DispatchKey::Autograd. (Triggered internally at /opt/pytorch/pytorch/torch/csrc/autograd/autograd_not_implemented_fallback.cpp:76.)
  return Variable._execution_engine.run_backward(  # Calls into the C++ engine to run the backward pass
/usr/local/lib/python3.12/dist-packages/torch/autograd/graph.py:882: UserWarning: TBE B200 optimization: device_major=10, feature_enabled=0, segment_length=1024 (Triggered internally at /workspace/deps/fbgemm/fbgemm_gpu/_skbuild/linux-x86_64-3.12/cmake-build/gen_embedding_backward_dense_split_unweighted_nobag_cuda.cu:416.)
  return Variable._execution_engine.run_backward(  # Calls into the C++ engine to run the backward pass
/usr/local/lib/python3.12/dist-packages/torch/autograd/graph.py:882: UserWarning: The AccumulateGrad node's stream does not match the stream of the node that produced the incoming gradient. This may incur unnecessary synchronization and break CUDA graph capture if the AccumulateGrad node's stream is the default stream. This mismatch is caused by an AccumulateGrad node created prior to the current iteration being kept alive. This can happen if the autograd graph is still being kept alive by tensors such as the loss, or if you are using DDP, which will stash a reference to the node. To resolve the mismatch, delete all references to the autograd graph or ensure that DDP initialization is performed under the same stream as subsequent forwards. If the mismatch is intentional, you can use torch.autograd.graph.set_warn_on_accumulate_grad_stream_mismatch(False) to suppress this warning. (Triggered internally at /opt/pytorch/pytorch/torch/csrc/autograd/input_buffer.cpp:240.)
  return Variable._execution_engine.run_backward(  # Calls into the C++ engine to run the backward pass
/usr/local/lib/python3.12/dist-packages/torch/autograd/graph.py:882: UserWarning: fbgemm::dense_embedding_codegen_lookup_function: an autograd kernel was not registered to the Autograd key(s) but we are trying to backprop through it. This may lead to silently incorrect behavior. This behavior is deprecated and will be removed in a future version of PyTorch. If your operator is differentiable, please ensure you have registered an autograd kernel to the correct Autograd key (e.g. DispatchKey::Autograd, DispatchKey::CompositeImplicitAutograd). If your operator is not differentiable, or to squash this warning and use the previous behavior, please register torch::CppFunction::makeFallthrough() to DispatchKey::Autograd. (Triggered internally at /opt/pytorch/pytorch/torch/csrc/autograd/autograd_not_implemented_fallback.cpp:76.)
  return Variable._execution_engine.run_backward(  # Calls into the C++ engine to run the backward pass
/usr/local/lib/python3.12/dist-packages/torch/autograd/graph.py:882: UserWarning: TBE B200 optimization: device_major=10, feature_enabled=0, segment_length=1024 (Triggered internally at /workspace/deps/fbgemm/fbgemm_gpu/_skbuild/linux-x86_64-3.12/cmake-build/gen_embedding_backward_dense_split_unweighted_nobag_cuda.cu:416.)
  return Variable._execution_engine.run_backward(  # Calls into the C++ engine to run the backward pass
/usr/local/lib/python3.12/dist-packages/torch/autograd/graph.py:882: UserWarning: The AccumulateGrad node's stream does not match the stream of the node that produced the incoming gradient. This may incur unnecessary synchronization and break CUDA graph capture if the AccumulateGrad node's stream is the default stream. This mismatch is caused by an AccumulateGrad node created prior to the current iteration being kept alive. This can happen if the autograd graph is still being kept alive by tensors such as the loss, or if you are using DDP, which will stash a reference to the node. To resolve the mismatch, delete all references to the autograd graph or ensure that DDP initialization is performed under the same stream as subsequent forwards. If the mismatch is intentional, you can use torch.autograd.graph.set_warn_on_accumulate_grad_stream_mismatch(False) to suppress this warning. (Triggered internally at /opt/pytorch/pytorch/torch/csrc/autograd/input_buffer.cpp:240.)
  return Variable._execution_engine.run_backward(  # Calls into the C++ engine to run the backward pass
/usr/local/lib/python3.12/dist-packages/torch/autograd/graph.py:882: UserWarning: fbgemm::dense_embedding_codegen_lookup_function: an autograd kernel was not registered to the Autograd key(s) but we are trying to backprop through it. This may lead to silently incorrect behavior. This behavior is deprecated and will be removed in a future version of PyTorch. If your operator is differentiable, please ensure you have registered an autograd kernel to the correct Autograd key (e.g. DispatchKey::Autograd, DispatchKey::CompositeImplicitAutograd). If your operator is not differentiable, or to squash this warning and use the previous behavior, please register torch::CppFunction::makeFallthrough() to DispatchKey::Autograd. (Triggered internally at /opt/pytorch/pytorch/torch/csrc/autograd/autograd_not_implemented_fallback.cpp:76.)
  return Variable._execution_engine.run_backward(  # Calls into the C++ engine to run the backward pass
/usr/local/lib/python3.12/dist-packages/torch/autograd/graph.py:882: UserWarning: fbgemm::dense_embedding_codegen_lookup_function: an autograd kernel was not registered to the Autograd key(s) but we are trying to backprop through it. This may lead to silently incorrect behavior. This behavior is deprecated and will be removed in a future version of PyTorch. If your operator is differentiable, please ensure you have registered an autograd kernel to the correct Autograd key (e.g. DispatchKey::Autograd, DispatchKey::CompositeImplicitAutograd). If your operator is not differentiable, or to squash this warning and use the previous behavior, please register torch::CppFunction::makeFallthrough() to DispatchKey::Autograd. (Triggered internally at /opt/pytorch/pytorch/torch/csrc/autograd/autograd_not_implemented_fallback.cpp:76.)
  return Variable._execution_engine.run_backward(  # Calls into the C++ engine to run the backward pass
/usr/local/lib/python3.12/dist-packages/torch/autograd/graph.py:882: UserWarning: TBE B200 optimization: device_major=10, feature_enabled=0, segment_length=1024 (Triggered internally at /workspace/deps/fbgemm/fbgemm_gpu/_skbuild/linux-x86_64-3.12/cmake-build/gen_embedding_backward_dense_split_unweighted_nobag_cuda.cu:416.)
  return Variable._execution_engine.run_backward(  # Calls into the C++ engine to run the backward pass
/usr/local/lib/python3.12/dist-packages/torch/autograd/graph.py:882: UserWarning: TBE B200 optimization: device_major=10, feature_enabled=0, segment_length=1024 (Triggered internally at /workspace/deps/fbgemm/fbgemm_gpu/_skbuild/linux-x86_64-3.12/cmake-build/gen_embedding_backward_dense_split_unweighted_nobag_cuda.cu:416.)
  return Variable._execution_engine.run_backward(  # Calls into the C++ engine to run the backward pass
/usr/local/lib/python3.12/dist-packages/torch/autograd/graph.py:882: UserWarning: The AccumulateGrad node's stream does not match the stream of the node that produced the incoming gradient. This may incur unnecessary synchronization and break CUDA graph capture if the AccumulateGrad node's stream is the default stream. This mismatch is caused by an AccumulateGrad node created prior to the current iteration being kept alive. This can happen if the autograd graph is still being kept alive by tensors such as the loss, or if you are using DDP, which will stash a reference to the node. To resolve the mismatch, delete all references to the autograd graph or ensure that DDP initialization is performed under the same stream as subsequent forwards. If the mismatch is intentional, you can use torch.autograd.graph.set_warn_on_accumulate_grad_stream_mismatch(False) to suppress this warning. (Triggered internally at /opt/pytorch/pytorch/torch/csrc/autograd/input_buffer.cpp:240.)
  return Variable._execution_engine.run_backward(  # Calls into the C++ engine to run the backward pass
/usr/local/lib/python3.12/dist-packages/torch/autograd/graph.py:882: UserWarning: fbgemm::dense_embedding_codegen_lookup_function: an autograd kernel was not registered to the Autograd key(s) but we are trying to backprop through it. This may lead to silently incorrect behavior. This behavior is deprecated and will be removed in a future version of PyTorch. If your operator is differentiable, please ensure you have registered an autograd kernel to the correct Autograd key (e.g. DispatchKey::Autograd, DispatchKey::CompositeImplicitAutograd). If your operator is not differentiable, or to squash this warning and use the previous behavior, please register torch::CppFunction::makeFallthrough() to DispatchKey::Autograd. (Triggered internally at /opt/pytorch/pytorch/torch/csrc/autograd/autograd_not_implemented_fallback.cpp:76.)
  return Variable._execution_engine.run_backward(  # Calls into the C++ engine to run the backward pass
/usr/local/lib/python3.12/dist-packages/torch/autograd/graph.py:882: UserWarning: The AccumulateGrad node's stream does not match the stream of the node that produced the incoming gradient. This may incur unnecessary synchronization and break CUDA graph capture if the AccumulateGrad node's stream is the default stream. This mismatch is caused by an AccumulateGrad node created prior to the current iteration being kept alive. This can happen if the autograd graph is still being kept alive by tensors such as the loss, or if you are using DDP, which will stash a reference to the node. To resolve the mismatch, delete all references to the autograd graph or ensure that DDP initialization is performed under the same stream as subsequent forwards. If the mismatch is intentional, you can use torch.autograd.graph.set_warn_on_accumulate_grad_stream_mismatch(False) to suppress this warning. (Triggered internally at /opt/pytorch/pytorch/torch/csrc/autograd/input_buffer.cpp:240.)
  return Variable._execution_engine.run_backward(  # Calls into the C++ engine to run the backward pass
/usr/local/lib/python3.12/dist-packages/torch/autograd/graph.py:882: UserWarning: TBE B200 optimization: device_major=10, feature_enabled=0, segment_length=1024 (Triggered internally at /workspace/deps/fbgemm/fbgemm_gpu/_skbuild/linux-x86_64-3.12/cmake-build/gen_embedding_backward_dense_split_unweighted_nobag_cuda.cu:416.)
  return Variable._execution_engine.run_backward(  # Calls into the C++ engine to run the backward pass
/usr/local/lib/python3.12/dist-packages/torch/autograd/graph.py:882: UserWarning: The AccumulateGrad node's stream does not match the stream of the node that produced the incoming gradient. This may incur unnecessary synchronization and break CUDA graph capture if the AccumulateGrad node's stream is the default stream. This mismatch is caused by an AccumulateGrad node created prior to the current iteration being kept alive. This can happen if the autograd graph is still being kept alive by tensors such as the loss, or if you are using DDP, which will stash a reference to the node. To resolve the mismatch, delete all references to the autograd graph or ensure that DDP initialization is performed under the same stream as subsequent forwards. If the mismatch is intentional, you can use torch.autograd.graph.set_warn_on_accumulate_grad_stream_mismatch(False) to suppress this warning. (Triggered internally at /opt/pytorch/pytorch/torch/csrc/autograd/input_buffer.cpp:240.)
  return Variable._execution_engine.run_backward(  # Calls into the C++ engine to run the backward pass
/usr/local/lib/python3.12/dist-packages/torch/autograd/graph.py:882: UserWarning: fbgemm::dense_embedding_codegen_lookup_function: an autograd kernel was not registered to the Autograd key(s) but we are trying to backprop through it. This may lead to silently incorrect behavior. This behavior is deprecated and will be removed in a future version of PyTorch. If your operator is differentiable, please ensure you have registered an autograd kernel to the correct Autograd key (e.g. DispatchKey::Autograd, DispatchKey::CompositeImplicitAutograd). If your operator is not differentiable, or to squash this warning and use the previous behavior, please register torch::CppFunction::makeFallthrough() to DispatchKey::Autograd. (Triggered internally at /opt/pytorch/pytorch/torch/csrc/autograd/autograd_not_implemented_fallback.cpp:76.)
  return Variable._execution_engine.run_backward(  # Calls into the C++ engine to run the backward pass
/usr/local/lib/python3.12/dist-packages/torch/autograd/graph.py:882: UserWarning: TBE B200 optimization: device_major=10, feature_enabled=0, segment_length=1024 (Triggered internally at /workspace/deps/fbgemm/fbgemm_gpu/_skbuild/linux-x86_64-3.12/cmake-build/gen_embedding_backward_dense_split_unweighted_nobag_cuda.cu:416.)
  return Variable._execution_engine.run_backward(  # Calls into the C++ engine to run the backward pass
/usr/local/lib/python3.12/dist-packages/torch/autograd/graph.py:882: UserWarning: The AccumulateGrad node's stream does not match the stream of the node that produced the incoming gradient. This may incur unnecessary synchronization and break CUDA graph capture if the AccumulateGrad node's stream is the default stream. This mismatch is caused by an AccumulateGrad node created prior to the current iteration being kept alive. This can happen if the autograd graph is still being kept alive by tensors such as the loss, or if you are using DDP, which will stash a reference to the node. To resolve the mismatch, delete all references to the autograd graph or ensure that DDP initialization is performed under the same stream as subsequent forwards. If the mismatch is intentional, you can use torch.autograd.graph.set_warn_on_accumulate_grad_stream_mismatch(False) to suppress this warning. (Triggered internally at /opt/pytorch/pytorch/torch/csrc/autograd/input_buffer.cpp:240.)
  return Variable._execution_engine.run_backward(  # Calls into the C++ engine to run the backward pass
/usr/local/lib/python3.12/dist-packages/torch/autograd/graph.py:882: UserWarning: fbgemm::dense_embedding_codegen_lookup_function: an autograd kernel was not registered to the Autograd key(s) but we are trying to backprop through it. This may lead to silently incorrect behavior. This behavior is deprecated and will be removed in a future version of PyTorch. If your operator is differentiable, please ensure you have registered an autograd kernel to the correct Autograd key (e.g. DispatchKey::Autograd, DispatchKey::CompositeImplicitAutograd). If your operator is not differentiable, or to squash this warning and use the previous behavior, please register torch::CppFunction::makeFallthrough() to DispatchKey::Autograd. (Triggered internally at /opt/pytorch/pytorch/torch/csrc/autograd/autograd_not_implemented_fallback.cpp:76.)
  return Variable._execution_engine.run_backward(  # Calls into the C++ engine to run the backward pass
/usr/local/lib/python3.12/dist-packages/torch/autograd/graph.py:882: UserWarning: TBE B200 optimization: device_major=10, feature_enabled=0, segment_length=1024 (Triggered internally at /workspace/deps/fbgemm/fbgemm_gpu/_skbuild/linux-x86_64-3.12/cmake-build/gen_embedding_backward_dense_split_unweighted_nobag_cuda.cu:416.)
  return Variable._execution_engine.run_backward(  # Calls into the C++ engine to run the backward pass
/usr/local/lib/python3.12/dist-packages/torch/autograd/graph.py:882: UserWarning: The AccumulateGrad node's stream does not match the stream of the node that produced the incoming gradient. This may incur unnecessary synchronization and break CUDA graph capture if the AccumulateGrad node's stream is the default stream. This mismatch is caused by an AccumulateGrad node created prior to the current iteration being kept alive. This can happen if the autograd graph is still being kept alive by tensors such as the loss, or if you are using DDP, which will stash a reference to the node. To resolve the mismatch, delete all references to the autograd graph or ensure that DDP initialization is performed under the same stream as subsequent forwards. If the mismatch is intentional, you can use torch.autograd.graph.set_warn_on_accumulate_grad_stream_mismatch(False) to suppress this warning. (Triggered internally at /opt/pytorch/pytorch/torch/csrc/autograd/input_buffer.cpp:240.)
  return Variable._execution_engine.run_backward(  # Calls into the C++ engine to run the backward pass
/usr/local/lib/python3.12/dist-packages/torch/autograd/graph.py:882: UserWarning: fbgemm::dense_embedding_codegen_lookup_function: an autograd kernel was not registered to the Autograd key(s) but we are trying to backprop through it. This may lead to silently incorrect behavior. This behavior is deprecated and will be removed in a future version of PyTorch. If your operator is differentiable, please ensure you have registered an autograd kernel to the correct Autograd key (e.g. DispatchKey::Autograd, DispatchKey::CompositeImplicitAutograd). If your operator is not differentiable, or to squash this warning and use the previous behavior, please register torch::CppFunction::makeFallthrough() to DispatchKey::Autograd. (Triggered internally at /opt/pytorch/pytorch/torch/csrc/autograd/autograd_not_implemented_fallback.cpp:76.)
  return Variable._execution_engine.run_backward(  # Calls into the C++ engine to run the backward pass
/usr/local/lib/python3.12/dist-packages/torch/autograd/graph.py:882: UserWarning: TBE B200 optimization: device_major=10, feature_enabled=0, segment_length=1024 (Triggered internally at /workspace/deps/fbgemm/fbgemm_gpu/_skbuild/linux-x86_64-3.12/cmake-build/gen_embedding_backward_dense_split_unweighted_nobag_cuda.cu:416.)
  return Variable._execution_engine.run_backward(  # Calls into the C++ engine to run the backward pass
/usr/local/lib/python3.12/dist-packages/torch/autograd/graph.py:882: UserWarning: The AccumulateGrad node's stream does not match the stream of the node that produced the incoming gradient. This may incur unnecessary synchronization and break CUDA graph capture if the AccumulateGrad node's stream is the default stream. This mismatch is caused by an AccumulateGrad node created prior to the current iteration being kept alive. This can happen if the autograd graph is still being kept alive by tensors such as the loss, or if you are using DDP, which will stash a reference to the node. To resolve the mismatch, delete all references to the autograd graph or ensure that DDP initialization is performed under the same stream as subsequent forwards. If the mismatch is intentional, you can use torch.autograd.graph.set_warn_on_accumulate_grad_stream_mismatch(False) to suppress this warning. (Triggered internally at /opt/pytorch/pytorch/torch/csrc/autograd/input_buffer.cpp:240.)
  return Variable._execution_engine.run_backward(  # Calls into the C++ engine to run the backward pass
[07/26/26 05:58:57] INFO     [train] [iter 19, tokens 40960, elapsed_time 80954.09 ms, achieved FLOPS 178.58 TFLOPS, MFU 0.99%]: loss nan                                                                                                       
/usr/local/lib/python3.12/dist-packages/torch/autograd/graph.py:882: UserWarning: fbgemm::dense_embedding_codegen_lookup_function: an autograd kernel was not registered to the Autograd key(s) but we are trying to backprop through it. This may lead to silently incorrect behavior. This behavior is deprecated and will be removed in a future version of PyTorch. If your operator is differentiable, please ensure you have registered an autograd kernel to the correct Autograd key (e.g. DispatchKey::Autograd, DispatchKey::CompositeImplicitAutograd). If your operator is not differentiable, or to squash this warning and use the previous behavior, please register torch::CppFunction::makeFallthrough() to DispatchKey::Autograd. (Triggered internally at /opt/pytorch/pytorch/torch/csrc/autograd/autograd_not_implemented_fallback.cpp:76.)
  return Variable._execution_engine.run_backward(  # Calls into the C++ engine to run the backward pass
/usr/local/lib/python3.12/dist-packages/torch/autograd/graph.py:882: UserWarning: fbgemm::dense_embedding_codegen_lookup_function: an autograd kernel was not registered to the Autograd key(s) but we are trying to backprop through it. This may lead to silently incorrect behavior. This behavior is deprecated and will be removed in a future version of PyTorch. If your operator is differentiable, please ensure you have registered an autograd kernel to the correct Autograd key (e.g. DispatchKey::Autograd, DispatchKey::CompositeImplicitAutograd). If your operator is not differentiable, or to squash this warning and use the previous behavior, please register torch::CppFunction::makeFallthrough() to DispatchKey::Autograd. (Triggered internally at /opt/pytorch/pytorch/torch/csrc/autograd/autograd_not_implemented_fallback.cpp:76.)
  return Variable._execution_engine.run_backward(  # Calls into the C++ engine to run the backward pass
/usr/local/lib/python3.12/dist-packages/torch/autograd/graph.py:882: UserWarning: fbgemm::dense_embedding_codegen_lookup_function: an autograd kernel was not registered to the Autograd key(s) but we are trying to backprop through it. This may lead to silently incorrect behavior. This behavior is deprecated and will be removed in a future version of PyTorch. If your operator is differentiable, please ensure you have registered an autograd kernel to the correct Autograd key (e.g. DispatchKey::Autograd, DispatchKey::CompositeImplicitAutograd). If your operator is not differentiable, or to squash this warning and use the previous behavior, please register torch::CppFunction::makeFallthrough() to DispatchKey::Autograd. (Triggered internally at /opt/pytorch/pytorch/torch/csrc/autograd/autograd_not_implemented_fallback.cpp:76.)
  return Variable._execution_engine.run_backward(  # Calls into the C++ engine to run the backward pass
/usr/local/lib/python3.12/dist-packages/torch/autograd/graph.py:882: UserWarning: fbgemm::dense_embedding_codegen_lookup_function: an autograd kernel was not registered to the Autograd key(s) but we are trying to backprop through it. This may lead to silently incorrect behavior. This behavior is deprecated and will be removed in a future version of PyTorch. If your operator is differentiable, please ensure you have registered an autograd kernel to the correct Autograd key (e.g. DispatchKey::Autograd, DispatchKey::CompositeImplicitAutograd). If your operator is not differentiable, or to squash this warning and use the previous behavior, please register torch::CppFunction::makeFallthrough() to DispatchKey::Autograd. (Triggered internally at /opt/pytorch/pytorch/torch/csrc/autograd/autograd_not_implemented_fallback.cpp:76.)
  return Variable._execution_engine.run_backward(  # Calls into the C++ engine to run the backward pass
/usr/local/lib/python3.12/dist-packages/torch/autograd/graph.py:882: UserWarning: fbgemm::dense_embedding_codegen_lookup_function: an autograd kernel was not registered to the Autograd key(s) but we are trying to backprop through it. This may lead to silently incorrect behavior. This behavior is deprecated and will be removed in a future version of PyTorch. If your operator is differentiable, please ensure you have registered an autograd kernel to the correct Autograd key (e.g. DispatchKey::Autograd, DispatchKey::CompositeImplicitAutograd). If your operator is not differentiable, or to squash this warning and use the previous behavior, please register torch::CppFunction::makeFallthrough() to DispatchKey::Autograd. (Triggered internally at /opt/pytorch/pytorch/torch/csrc/autograd/autograd_not_implemented_fallback.cpp:76.)
  return Variable._execution_engine.run_backward(  # Calls into the C++ engine to run the backward pass
/usr/local/lib/python3.12/dist-packages/torch/autograd/graph.py:882: UserWarning: fbgemm::dense_embedding_codegen_lookup_function: an autograd kernel was not registered to the Autograd key(s) but we are trying to backprop through it. This may lead to silently incorrect behavior. This behavior is deprecated and will be removed in a future version of PyTorch. If your operator is differentiable, please ensure you have registered an autograd kernel to the correct Autograd key (e.g. DispatchKey::Autograd, DispatchKey::CompositeImplicitAutograd). If your operator is not differentiable, or to squash this warning and use the previous behavior, please register torch::CppFunction::makeFallthrough() to DispatchKey::Autograd. (Triggered internally at /opt/pytorch/pytorch/torch/csrc/autograd/autograd_not_implemented_fallback.cpp:76.)
  return Variable._execution_engine.run_backward(  # Calls into the C++ engine to run the backward pass
/usr/local/lib/python3.12/dist-packages/torch/autograd/graph.py:882: UserWarning: fbgemm::dense_embedding_codegen_lookup_function: an autograd kernel was not registered to the Autograd key(s) but we are trying to backprop through it. This may lead to silently incorrect behavior. This behavior is deprecated and will be removed in a future version of PyTorch. If your operator is differentiable, please ensure you have registered an autograd kernel to the correct Autograd key (e.g. DispatchKey::Autograd, DispatchKey::CompositeImplicitAutograd). If your operator is not differentiable, or to squash this warning and use the previous behavior, please register torch::CppFunction::makeFallthrough() to DispatchKey::Autograd. (Triggered internally at /opt/pytorch/pytorch/torch/csrc/autograd/autograd_not_implemented_fallback.cpp:76.)
  return Variable._execution_engine.run_backward(  # Calls into the C++ engine to run the backward pass
/usr/local/lib/python3.12/dist-packages/torch/autograd/graph.py:882: UserWarning: fbgemm::dense_embedding_codegen_lookup_function: an autograd kernel was not registered to the Autograd key(s) but we are trying to backprop through it. This may lead to silently incorrect behavior. This behavior is deprecated and will be removed in a future version of PyTorch. If your operator is differentiable, please ensure you have registered an autograd kernel to the correct Autograd key (e.g. DispatchKey::Autograd, DispatchKey::CompositeImplicitAutograd). If your operator is not differentiable, or to squash this warning and use the previous behavior, please register torch::CppFunction::makeFallthrough() to DispatchKey::Autograd. (Triggered internally at /opt/pytorch/pytorch/torch/csrc/autograd/autograd_not_implemented_fallback.cpp:76.)
  return Variable._execution_engine.run_backward(  # Calls into the C++ engine to run the backward pass
[07/26/26 05:59:17] INFO     [train] [iter 39, tokens 40960, elapsed_time 18190.34 ms, achieved FLOPS 880.84 TFLOPS, MFU 4.89%]: loss nan                                                                                                       
/usr/local/lib/python3.12/dist-packages/torch/autograd/graph.py:882: UserWarning: fbgemm::dense_embedding_codegen_lookup_function: an autograd kernel was not registered to the Autograd key(s) but we are trying to backprop through it. This may lead to silently incorrect behavior. This behavior is deprecated and will be removed in a future version of PyTorch. If your operator is differentiable, please ensure you have registered an autograd kernel to the correct Autograd key (e.g. DispatchKey::Autograd, DispatchKey::CompositeImplicitAutograd). If your operator is not differentiable, or to squash this warning and use the previous behavior, please register torch::CppFunction::makeFallthrough() to DispatchKey::Autograd. (Triggered internally at /opt/pytorch/pytorch/torch/csrc/autograd/autograd_not_implemented_fallback.cpp:76.)
  return Variable._execution_engine.run_backward(  # Calls into the C++ engine to run the backward pass
/usr/local/lib/python3.12/dist-packages/torch/autograd/graph.py:882: UserWarning: fbgemm::dense_embedding_codegen_lookup_function: an autograd kernel was not registered to the Autograd key(s) but we are trying to backprop through it. This may lead to silently incorrect behavior. This behavior is deprecated and will be removed in a future version of PyTorch. If your operator is differentiable, please ensure you have registered an autograd kernel to the correct Autograd key (e.g. DispatchKey::Autograd, DispatchKey::CompositeImplicitAutograd). If your operator is not differentiable, or to squash this warning and use the previous behavior, please register torch::CppFunction::makeFallthrough() to DispatchKey::Autograd. (Triggered internally at /opt/pytorch/pytorch/torch/csrc/autograd/autograd_not_implemented_fallback.cpp:76.)
  return Variable._execution_engine.run_backward(  # Calls into the C++ engine to run the backward pass
/usr/local/lib/python3.12/dist-packages/torch/autograd/graph.py:882: UserWarning: fbgemm::dense_embedding_codegen_lookup_function: an autograd kernel was not registered to the Autograd key(s) but we are trying to backprop through it. This may lead to silently incorrect behavior. This behavior is deprecated and will be removed in a future version of PyTorch. If your operator is differentiable, please ensure you have registered an autograd kernel to the correct Autograd key (e.g. DispatchKey::Autograd, DispatchKey::CompositeImplicitAutograd). If your operator is not differentiable, or to squash this warning and use the previous behavior, please register torch::CppFunction::makeFallthrough() to DispatchKey::Autograd. (Triggered internally at /opt/pytorch/pytorch/torch/csrc/autograd/autograd_not_implemented_fallback.cpp:76.)
  return Variable._execution_engine.run_backward(  # Calls into the C++ engine to run the backward pass
/usr/local/lib/python3.12/dist-packages/torch/autograd/graph.py:882: UserWarning: fbgemm::dense_embedding_codegen_lookup_function: an autograd kernel was not registered to the Autograd key(s) but we are trying to backprop through it. This may lead to silently incorrect behavior. This behavior is deprecated and will be removed in a future version of PyTorch. If your operator is differentiable, please ensure you have registered an autograd kernel to the correct Autograd key (e.g. DispatchKey::Autograd, DispatchKey::CompositeImplicitAutograd). If your operator is not differentiable, or to squash this warning and use the previous behavior, please register torch::CppFunction::makeFallthrough() to DispatchKey::Autograd. (Triggered internally at /opt/pytorch/pytorch/torch/csrc/autograd/autograd_not_implemented_fallback.cpp:76.)
  return Variable._execution_engine.run_backward(  # Calls into the C++ engine to run the backward pass
/usr/local/lib/python3.12/dist-packages/torch/autograd/graph.py:882: UserWarning: fbgemm::dense_embedding_codegen_lookup_function: an autograd kernel was not registered to the Autograd key(s) but we are trying to backprop through it. This may lead to silently incorrect behavior. This behavior is deprecated and will be removed in a future version of PyTorch. If your operator is differentiable, please ensure you have registered an autograd kernel to the correct Autograd key (e.g. DispatchKey::Autograd, DispatchKey::CompositeImplicitAutograd). If your operator is not differentiable, or to squash this warning and use the previous behavior, please register torch::CppFunction::makeFallthrough() to DispatchKey::Autograd. (Triggered internally at /opt/pytorch/pytorch/torch/csrc/autograd/autograd_not_implemented_fallback.cpp:76.)
  return Variable._execution_engine.run_backward(  # Calls into the C++ engine to run the backward pass
/usr/local/lib/python3.12/dist-packages/torch/autograd/graph.py:882: UserWarning: fbgemm::dense_embedding_codegen_lookup_function: an autograd kernel was not registered to the Autograd key(s) but we are trying to backprop through it. This may lead to silently incorrect behavior. This behavior is deprecated and will be removed in a future version of PyTorch. If your operator is differentiable, please ensure you have registered an autograd kernel to the correct Autograd key (e.g. DispatchKey::Autograd, DispatchKey::CompositeImplicitAutograd). If your operator is not differentiable, or to squash this warning and use the previous behavior, please register torch::CppFunction::makeFallthrough() to DispatchKey::Autograd. (Triggered internally at /opt/pytorch/pytorch/torch/csrc/autograd/autograd_not_implemented_fallback.cpp:76.)
  return Variable._execution_engine.run_backward(  # Calls into the C++ engine to run the backward pass
/usr/local/lib/python3.12/dist-packages/torch/autograd/graph.py:882: UserWarning: fbgemm::dense_embedding_codegen_lookup_function: an autograd kernel was not registered to the Autograd key(s) but we are trying to backprop through it. This may lead to silently incorrect behavior. This behavior is deprecated and will be removed in a future version of PyTorch. If your operator is differentiable, please ensure you have registered an autograd kernel to the correct Autograd key (e.g. DispatchKey::Autograd, DispatchKey::CompositeImplicitAutograd). If your operator is not differentiable, or to squash this warning and use the previous behavior, please register torch::CppFunction::makeFallthrough() to DispatchKey::Autograd. (Triggered internally at /opt/pytorch/pytorch/torch/csrc/autograd/autograd_not_implemented_fallback.cpp:76.)
  return Variable._execution_engine.run_backward(  # Calls into the C++ engine to run the backward pass
/usr/local/lib/python3.12/dist-packages/torch/autograd/graph.py:882: UserWarning: fbgemm::dense_embedding_codegen_lookup_function: an autograd kernel was not registered to the Autograd key(s) but we are trying to backprop through it. This may lead to silently incorrect behavior. This behavior is deprecated and will be removed in a future version of PyTorch. If your operator is differentiable, please ensure you have registered an autograd kernel to the correct Autograd key (e.g. DispatchKey::Autograd, DispatchKey::CompositeImplicitAutograd). If your operator is not differentiable, or to squash this warning and use the previous behavior, please register torch::CppFunction::makeFallthrough() to DispatchKey::Autograd. (Triggered internally at /opt/pytorch/pytorch/torch/csrc/autograd/autograd_not_implemented_fallback.cpp:76.)
  return Variable._execution_engine.run_backward(  # Calls into the C++ engine to run the backward pass
[rank3]:[W726 05:59:28.726691039 ProcessGroupNCCL.cpp:1648] Warning: WARNING: destroy_process_group() was not called before program exit, which can leak resources. For more info, please see https://pytorch.org/docs/stable/distributed.html#shutdown (function operator())
[rank1]:[W726 05:59:29.939498975 ProcessGroupNCCL.cpp:1648] Warning: WARNING: destroy_process_group() was not called before program exit, which can leak resources. For more info, please see https://pytorch.org/docs/stable/distributed.html#shutdown (function operator())
[rank0]:[W726 05:59:29.944276317 ProcessGroupNCCL.cpp:1648] Warning: WARNING: destroy_process_group() was not called before program exit, which can leak resources. For more info, please see https://pytorch.org/docs/stable/distributed.html#shutdown (function operator())
[rank5]:[W726 05:59:29.953935017 ProcessGroupNCCL.cpp:1648] Warning: WARNING: destroy_process_group() was not called before program exit, which can leak resources. For more info, please see https://pytorch.org/docs/stable/distributed.html#shutdown (function operator())
[rank4]:[W726 05:59:29.960219879 ProcessGroupNCCL.cpp:1648] Warning: WARNING: destroy_process_group() was not called before program exit, which can leak resources. For more info, please see https://pytorch.org/docs/stable/distributed.html#shutdown (function operator())
[rank2]:[W726 05:59:29.977680262 ProcessGroupNCCL.cpp:1648] Warning: WARNING: destroy_process_group() was not called before program exit, which can leak resources. For more info, please see https://pytorch.org/docs/stable/distributed.html#shutdown (function operator())
[rank6]:[W726 05:59:29.045404516 ProcessGroupNCCL.cpp:1648] Warning: WARNING: destroy_process_group() was not called before program exit, which can leak resources. For more info, please see https://pytorch.org/docs/stable/distributed.html#shutdown (function operator())
[rank7]:[W726 05:59:29.069724014 ProcessGroupNCCL.cpp:1648] Warning: WARNING: destroy_process_group() was not called before program exit, which can leak resources. For more info, please see https://pytorch.org/docs/stable/distributed.html#shutdown (function operator())
