
================================================================================
HSTU Training Memory Estimation Report
================================================================================

📋 Model Configuration:
   Hidden Size: 8192
   Num Layers: 24
   Num Attention Heads: 64
   KV Channels (per head): 128
   Dtype: bf16
   Recompute LayerNorm: True
   Recompute SiLU: False

📋 Training Configuration:
   Batch Size: 64
   Max Sequence Length: 4304
   Avg Sequence Length: 2152
   Tensor Parallel Size: 4

--------------------------------------------------------------------------------
💾 Weights Memory (Model Parameters)
--------------------------------------------------------------------------------
   HSTU Layers (bf16):         15.00 GB
   Ranking Head (bf16):         8.01 MB
   ─────────────────────────────────────
   Dense Total (bf16):           15.01 GB

   📦 Embedding Breakdown (fp32):
      Item+Action (4,400,000 rows × dim):       8.39 GB
      Contextual  (100,000 rows × dim):     195.31 MB
   Embeddings GPU (fp32):        8.58 GB  ← Always fp32
   Embeddings CPU (fp32):            0 B  (not counted in GPU)
   ─────────────────────────────────────
   Total Weights (GPU):         23.59 GB

--------------------------------------------------------------------------------
⚙️  Optimizer States (Optimizer States + Master Weights)
--------------------------------------------------------------------------------
   Optimizer: adam
   Master Weights (FP32):        30.02 GB  ← Dense part only (bf16→fp32)
                             (Embeddings always fp32, no master weights needed)
   Optimizer States (FP32):      77.21 GB  ← Adam m+v (all params)
   ─────────────────────────────────────
   Total Optimizer:             107.23 GB

--------------------------------------------------------------------------------
🔥 Activations Memory (Forward Pass Activations)
--------------------------------------------------------------------------------
   Per Layer Activation:          187.56 GB
     - Attention Scores:          141.33 GB (O(n²) ⚠️)
   All Layers (24 layers):        4501.55 GB
   Embedding Activations:         272.00 MB
   Ranking Head Activations:      273.20 MB
   ─────────────────────────────────────
   Total Activations:            4502.08 GB

--------------------------------------------------------------------------------
📐 Gradients Memory (Dense Gradient Buffer - fp32)
--------------------------------------------------------------------------------
   ⚠️  Dense part uses fp32 gradient buffer (for precise gradient update)
   ⚠️  Embedding part does not need a separate gradient buffer

   HSTU Layers (fp32):         30.01 GB
   Ranking Head (fp32):        16.02 MB
   ─────────────────────────────────────
   Total Gradients (fp32):     30.02 GB

================================================================================
📊 TOTAL GPU MEMORY SUMMARY
================================================================================

   ┌───────────────────────────────────────────────────────┐
   │  Weights (Model Params bf16):          23.59 GB        │
   │  Master Weights (fp32 copy):        30.02 GB        │
   │  Optimizer States (Adam m+v):      77.21 GB        │
   │  Activations (Forward):           4502.08 GB        │
   │  Gradients (Backprop):                 30.02 GB        │
   ├───────────────────────────────────────────────────────┤
   │  TOTAL GPU MEMORY:               4662.93 GB        │
   └───────────────────────────────────────────────────────┘

--------------------------------------------------------------------------------
💡 Recommendations
--------------------------------------------------------------------------------
   ⚠️  Total memory (4662.9 GB) exceeds H100 80GB!
   Suggestions:
   - Reduce batch_size or avg_seq_len
   - Enable recompute_input_layernorm and recompute_input_silu
   - Reduce embedding_gpu_cache_ratio (use more CPU storage)
   - Enable Tensor Parallelism (TP > 1)

   📝 Activations (4502.1 GB) dominate memory usage (96.6%)
      This is typical for training with large batch/sequence.
      → Enable recompute_input_silu to save ~15% activations

================================================================================

Results saved to /workspace/results/mem_estimates_kuairand1k/batch_64.json
